{"Total": 16441, "Exception": 4, "EmptyResult": 0, "WrongPlace": 0, "EmbeddingsSVRank_0": 11881, "EmbeddingsSVRank_1": 2007, "EmbeddingsSVRank_2": 734, "EmbeddingsSVRank_3": 407, "EmbeddingsSVRank_4": 255, "EmbeddingsSVRank_5": 173, "EmbeddingsSVRank_6-14": 596, "EmbeddingsSVRank_15+": 43, "EmbeddingsSVRank_INF": 341, "BelowThresholdSVRank_x": 4, "BelowThresholdSVRank_INF": 16433, "FineTuningPairs": 23233}