{"Total": 16441, "Exception": 2, "EmptyResult": 51, "WrongPlace": 396, "BogusPlace": 8014, "Success": 8130}