{"Total": 16441, "Exception": 125, "EmptyResult": 142, "WrongPlace": 5545, "ChartSVRank_0": 9901, "ChartSVRank_1": 193, "ChartSVRank_2": 1763, "ChartSVRank_3": 78, "ChartSVRank_4": 666, "ChartSVRank_5": 50, "ChartSVRank_6-14": 1052, "ChartSVRank_15+": 390, "ChartSVRank_INF": 2081, "EmbeddingsSVRank_0": 10387, "EmbeddingsSVRank_1": 2105, "EmbeddingsSVRank_2": 808, "EmbeddingsSVRank_3+": 1826, "EmbeddingsSVRank_INF": 1048}