dcid,sentence
SV_1,SV1 more text;SV1 palm text sentence;abc1;desc1;name1;palm text for SV1;some text for SV1;xyz1
SV_2,SV2 more text;abc2;desc2;even more text for SV2;name2;some text for SV2;xyz2
SV_3,override3
SV_4,abc4;desc4;name4;xyz4
