{
  "charts": [
    {
      "data_csv": "placeName,placeDcid,xDate,xValue-Count_Person_BelowPovertyLevelInThePast12Months,yDate,yValue-Percent_Person_Obesity\r\n\"Alameda County, CA\",geoId/06001,2022,149843,2022,19.4\r\n\"Alpine County, CA\",geoId/06003,2022,208,2022,29.9\r\n\"Amador County, CA\",geoId/06005,2022,2945,2022,27.3\r\n\"Butte County, CA\",geoId/06007,2022,38015,2022,31.5\r\n\"Calaveras County, CA\",geoId/06009,2022,5915,2022,29.4\r\n\"Colusa County, CA\",geoId/06011,2022,2364,2022,32.2\r\n\"Contra Costa County, CA\",geoId/06013,2022,95255,2022,28.4\r\n\"Del Norte County, CA\",geoId/06015,2022,3585,2022,33.8\r\n\"El Dorado County, CA\",geoId/06017,2022,16364,2022,24.8\r\n\"Fresno County, CA\",geoId/06019,2022,193675,2022,39\r\n\"Glenn County, CA\",geoId/06021,2022,4335,2022,34.1\r\n\"Humboldt County, CA\",geoId/06023,2022,26394,2022,33.1\r\n\"Imperial County, CA\",geoId/06025,2022,36092,2022,38.5\r\n\"Inyo County, CA\",geoId/06027,2022,2199,2022,29.9\r\n\"Kern County, CA\",geoId/06029,2022,170013,2022,35.9\r\n\"Kings County, CA\",geoId/06031,2022,22634,2022,31.9\r\n\"Lake County, CA\",geoId/06033,2022,11065,2022,30.7\r\n\"Lassen County, CA\",geoId/06035,2022,3645,2022,32.8\r\n\"Los Angeles County, CA\",geoId/06037,2022,1343978,2022,26.2\r\n\"Madera County, CA\",geoId/06039,2022,30154,2022,35.2\r\n\"Marin County, CA\",geoId/06041,2022,17809,2022,23.5\r\n\"Mariposa County, CA\",geoId/06043,2022,2712,2022,32.3\r\n\"Mendocino County, CA\",geoId/06045,2022,14483,2022,29.4\r\n\"Merced County, CA\",geoId/06047,2022,51272,2022,34.5\r\n\"Modoc County, CA\",geoId/06049,2022,1430,2022,30\r\n\"Mono County, CA\",geoId/06051,2022,1478,2022,29.1\r\n\"Monterey County, CA\",geoId/06053,2022,51913,2022,32.8\r\n\"Napa County, CA\",geoId/06055,2022,10620,2022,28.7\r\n\"Nevada County, CA\",geoId/06057,2022,10505,2022,29.9\r\n\"Orange County, CA\",geoId/06059,2022,303810,2022,25.7\r\n\"Placer County, CA\",geoId/06061,2022,27446,2022,25.8\r\n\"Plumas County, CA\",geoId/06063,2022,2101,2022,29.1\r\n\"Riverside County, CA\",geoId/06065,2022,272432,2022,34\r\n\"Sacramento County, CA\",geoId/06067,2022,204388,2022,33.9\r\n\"San Benito County, CA\",geoId/06069,2022,4832,2022,29.1\r\n\"San Bernardino County, CA\",geoId/06071,2022,294246,2022,35.1\r\n\"San Diego County, CA\",geoId/06073,2022,338752,2022,25.4\r\n\"San Francisco County, CA\",geoId/06075,2022,87849,2022,17.7\r\n\"San Joaquin County, CA\",geoId/06077,2022,98352,2022,33.8\r\n\"San Luis Obispo County, CA\",geoId/06079,2022,33728,2022,28.2\r\n\"San Mateo County, CA\",geoId/06081,2022,48137,2022,21.4\r\n\"Santa Barbara County, CA\",geoId/06083,2022,57513,2022,31.6\r\n\"Santa Clara County, CA\",geoId/06085,2022,129834,2022,22\r\n\"Santa Cruz County, CA\",geoId/06087,2022,29302,2022,29.4\r\n\"Shasta County, CA\",geoId/06089,2022,23753,2022,28.7\r\n\"Sierra County, CA\",geoId/06091,2022,359,2022,31.3\r\n\"Siskiyou County, CA\",geoId/06093,2022,7289,2022,32.9\r\n\"Solano County, CA\",geoId/06095,2022,39705,2022,32.8\r\n\"Sonoma County, CA\",geoId/06097,2022,42925,2022,28.3\r\n\"Stanislaus County, CA\",geoId/06099,2022,75125,2022,34.7\r\n\"Sutter County, CA\",geoId/06101,2022,13065,2022,32\r\n\"Tehama County, CA\",geoId/06103,2022,10483,2022,32.5\r\n\"Trinity County, CA\",geoId/06105,2022,3457,2022,32.4\r\n\"Tulare County, CA\",geoId/06107,2022,86391,2022,38\r\n\"Tuolumne County, CA\",geoId/06109,2022,5887,2022,31\r\n\"Ventura County, CA\",geoId/06111,2022,74315,2022,28.9\r\n\"Yolo County, CA\",geoId/06113,2022,36521,2022,28.5\r\n\"Yuba County, CA\",geoId/06115,2022,12375,2022,32.6",
      "placeType": "County",
      "places": [
        "geoId/06"
      ],
      "srcs": [
        {
          "name": "census.gov",
          "url": "https://www.census.gov/programs-surveys/acs/data/data-via-ftp.html"
        },
        {
          "name": "cdc.gov",
          "url": "https://www.cdc.gov/places/index.html"
        }
      ],
      "title": "Prevalence of Obesity (2022) Vs. Population Below Poverty Line (2022) in Counties of California",
      "type": "SCATTER",
      "vars": [
        "Percent_Person_Obesity",
        "Count_Person_BelowPovertyLevelInThePast12Months"
      ],
      "chartUrl": "",
      "dcUrl": "https://datacommons.org/explore#q=obesity%20vs.%20poverty%20in%20counties%20of%20california"
    },
    {
      "data_csv": "rank,place,Prevalence of Obesity\r\n1,Fresno County,39\r\n2,Imperial County,38.5\r\n3,Tulare County,38\r\n4,Kern County,35.9\r\n5,Madera County,35.2\r\n54,Marin County,23.5\r\n55,Santa Clara County,22\r\n56,San Mateo County,21.4\r\n57,Alameda County,19.4\r\n58,San Francisco County,17.7",
      "placeType": "County",
      "places": [
        "geoId/06"
      ],
      "srcs": [
        {
          "name": "cdc.gov",
          "url": "https://www.cdc.gov/places/index.html"
        }
      ],
      "title": "Prevalence of Obesity in Counties of California (2022)",
      "type": "TABLE",
      "unit": "%",
      "vars": [
        "Percent_Person_Obesity"
      ],
      "dcUrl": "https://datacommons.org/explore#q=obesity%20vs.%20poverty%20in%20counties%20of%20california",
      "chartUrl": ""
    },
    {
      "data_csv": "rank,place,Population Below poverty line\r\n1,Los Angeles County,1343978\r\n2,San Diego County,338752\r\n3,Orange County,303810\r\n4,San Bernardino County,294246\r\n5,Riverside County,272432\r\n54,Plumas County,2101\r\n55,Mono County,1478\r\n56,Modoc County,1430\r\n57,Sierra County,359\r\n58,Alpine County,208",
      "placeType": "County",
      "places": [
        "geoId/06"
      ],
      "srcs": [
        {
          "name": "census.gov",
          "url": "https://www.census.gov/programs-surveys/acs/data/data-via-ftp.html"
        }
      ],
      "title": "Population Below Poverty Line in Counties of California (2022)",
      "type": "TABLE",
      "unit": "",
      "vars": [
        "Count_Person_BelowPovertyLevelInThePast12Months"
      ],
      "dcUrl": "https://datacommons.org/explore#q=obesity%20vs.%20poverty%20in%20counties%20of%20california",
      "chartUrl": ""
    }
  ]
}