{
  "charts": [
    {
      "data_csv": "label,Santa Clara County\r\nAccommodation/Food Industry,82881\r\nAdmin / Waste Management Service Industry,60538\r\n\"Agriculture, Forestry, Fishing, Hunting\",2960\r\nConstruction Industry,53031\r\nEducational Services Industry,81663\r\nHealth Care and Social Assistance Industry,156124\r\nManufacturing,176811\r\nFinance and Insurance Industry,20831\r\nInformation Industry,96168\r\n\"Arts, Entertainment, Recreation Industry\",20764\r\n\"Mining, Quarrying, Oil and Gas Extraction Industry\",142\r\nOther Services (except Public Admin),25214\r\nTransportation And Warehousing,20846\r\nUtilities,3527\r\nRetail Trade,72215\r\nReal Estate and Rental and Leasing,15648\r\nPublic Administration,27668\r\nWholesale Trade,28183\r\n\"Professional, Scientific, and Technical Services\",161223\r\nManagement of Companies and Enterprises Industry,13729\r\nUnclassified,959",
      "placeType": "City",
      "places": [
        "geoId/06085"
      ],
      "srcs": [
        {
          "name": "bls.gov",
          "url": "https://www.bls.gov/qcew/"
        }
      ],
      "legend": [
        "Accommodation/Food Industry",
        "Admin / Waste Management Service Industry",
        "Agriculture, Forestry, Fishing, Hunting",
        "Construction Industry",
        "Educational Services Industry",
        "Health Care and Social Assistance Industry",
        "Manufacturing",
        "Finance and Insurance Industry",
        "Information Industry",
        "Arts, Entertainment, Recreation Industry",
        "Mining, Quarrying, Oil and Gas Extraction Industry",
        "Other Services (except Public Admin)",
        "Transportation And Warehousing",
        "Utilities",
        "Retail Trade",
        "Real Estate and Rental and Leasing",
        "Public Administration",
        "Wholesale Trade",
        "Professional, Scientific, and Technical Services",
        "Management of Companies and Enterprises Industry",
        "Unclassified"
      ],
      "title": "Categories of Jobs in Santa Clara County (Jun, 2023)",
      "type": "BAR",
      "unit": "",
      "vars": [
        "Count_Worker_NAICSAccommodationFoodServices",
        "Count_Worker_NAICSAdministrativeSupportWasteManagementRemediationServices",
        "Count_Worker_NAICSAgricultureForestryFishingHunting",
        "Count_Worker_NAICSConstruction",
        "Count_Worker_NAICSEducationalServices",
        "Count_Worker_NAICSHealthCareSocialAssistance",
        "dc/ndg1xk1e9frc2",
        "Count_Worker_NAICSFinanceInsurance",
        "Count_Worker_NAICSInformation",
        "Count_Worker_NAICSArtsEntertainmentRecreation",
        "Count_Worker_NAICSMiningQuarryingOilGasExtraction",
        "Count_Worker_NAICSOtherServices",
        "dc/8p97n7l96lgg8",
        "Count_Worker_NAICSUtilities",
        "dc/p69tpsldf99h7",
        "Count_Worker_NAICSRealEstateRentalLeasing",
        "Count_Worker_NAICSPublicAdministration",
        "Count_Worker_NAICSWholesaleTrade",
        "Count_Worker_NAICSProfessionalScientificTechnicalServices",
        "Count_Worker_NAICSManagementOfCompaniesEnterprises",
        "Count_Worker_NAICSNonclassifiable"
      ],
      "chartUrl": "",
      "dcUrl": "https://datacommons.org/explore#q=top%20jobs%20in%20santa%20clara%20county"
    },
    {
      "data_csv": "label,Population With Current Employment\r\n2024-03,995405\r\n2024-02,989449\r\n2024-01,989801\r\n2023-12,991285\r\n2023-11,999233\r\n2023-10,999306\r\n2023-09,1002683\r\n2023-08,1000204\r\n2023-07,1005428\r\n2023-06,995167\r\n2023-05,1001215\r\n2023-04,1004322\r\n2023-03,1014448\r\n2023-02,1012049\r\n2023-01,1005533\r\n2022-12,1011365\r\n2022-11,1010531\r\n2022-10,1013578\r\n2022-09,1011648\r\n2022-08,1007868\r\n2022-07,1009259\r\n2022-06,1000670\r\n2022-05,1003321\r\n2022-04,995421\r\n2022-03,1001618\r\n2022-02,994123\r\n2022-01,984965\r\n2021-12,988734\r\n2021-11,984053\r\n2021-10,976548\r\n2021-09,975674\r\n2021-08,965864\r\n2021-07,965819\r\n2021-06,951833\r\n2021-05,951199\r\n2021-04,943645\r\n2021-03,950141\r\n2021-02,947223\r\n2021-01,938650\r\n2020-12,943729\r\n2020-11,942645\r\n2020-10,945488\r\n2020-09,941255\r\n2020-08,941144\r\n2020-07,931877\r\n2020-06,922260\r\n2020-05,887788\r\n2020-04,890838\r\n2020-03,1004298\r\n2020-02,1034417\r\n2020-01,1023303\r\n2019-12,1031794\r\n2019-11,1028974\r\n2019-10,1029873\r\n2019-09,1026304\r\n2019-08,1022483\r\n2019-07,1027088\r\n2019-06,1013747\r\n2019-05,1014929\r\n2019-04,1011758\r\n2019-03,1023390\r\n2019-02,1024525\r\n2019-01,1013087\r\n2018-12,1021188\r\n2018-11,1023549\r\n2018-10,1021300\r\n2018-09,1018331\r\n2018-08,1015134\r\n2018-07,1025804\r\n2018-06,1015122\r\n2018-05,1013905\r\n2018-04,1006356\r\n2018-03,1011350\r\n2018-02,1009643\r\n2018-01,997961\r\n2017-12,1005869\r\n2017-11,1007889\r\n2017-10,1006308\r\n2017-09,1010014\r\n2017-08,1005875\r\n2017-07,1013378\r\n2017-06,1002502\r\n2017-05,1000449\r\n2017-04,997292\r\n2017-03,1002161\r\n2017-02,999257\r\n2017-01,993196\r\n2016-12,992232\r\n2016-11,993495\r\n2016-10,991072\r\n2016-09,992385\r\n2016-08,991269\r\n2016-07,993837\r\n2016-06,990158\r\n2016-05,988687\r\n2016-04,982274\r\n2016-03,986745\r\n2016-02,985771\r\n2016-01,980653\r\n2015-12,980132\r\n2015-11,978543\r\n2015-10,979246\r\n2015-09,975471\r\n2015-08,973917\r\n2015-07,973575\r\n2015-06,971066\r\n2015-05,969248\r\n2015-04,962968\r\n2015-03,960672\r\n2015-02,960299\r\n2015-01,954263\r\n2014-12,951968\r\n2014-11,951013\r\n2014-10,951562\r\n2014-09,945165\r\n2014-08,938215\r\n2014-07,936515\r\n2014-06,933599\r\n2014-05,931144\r\n2014-04,925677\r\n2014-03,927052\r\n2014-02,923653\r\n2014-01,917520\r\n2013-12,918449\r\n2013-11,915662\r\n2013-10,908027\r\n2013-09,914046\r\n2013-08,906481\r\n2013-07,904883\r\n2013-06,902522\r\n2013-05,902260\r\n2013-04,898735\r\n2013-03,897756\r\n2013-02,896754\r\n2013-01,891041\r\n2012-12,896348\r\n2012-11,893269\r\n2012-10,894649\r\n2012-09,890177\r\n2012-08,879633\r\n2012-07,877857\r\n2012-06,874876\r\n2012-05,872838\r\n2012-04,872207\r\n2012-03,872171\r\n2012-02,868081\r\n2012-01,861258\r\n2011-12,868455\r\n2011-11,864155\r\n2011-10,862790\r\n2011-09,857677\r\n2011-08,850234\r\n2011-07,846189\r\n2011-06,843961\r\n2011-05,842709\r\n2011-04,840121\r\n2011-03,841986\r\n2011-02,837862\r\n2011-01,832704\r\n2010-12,837878\r\n2010-11,835948\r\n2010-10,835364\r\n2010-09,833645\r\n2010-08,830495\r\n2010-07,829342\r\n2010-06,823781\r\n2010-05,826013\r\n2010-04,826105\r\n2010-03,821507\r\n2010-02,819502\r\n2010-01,816514\r\n2009-12,776051\r\n2009-11,779327\r\n2009-10,777825\r\n2009-09,778184\r\n2009-08,778534\r\n2009-07,777337\r\n2009-06,777977\r\n2009-05,778910\r\n2009-04,784344\r\n2009-03,787813\r\n2009-02,793673\r\n2009-01,797492\r\n2008-12,811330\r\n2008-11,816306\r\n2008-10,820888\r\n2008-09,821597\r\n2008-08,823010\r\n2008-07,821771\r\n2008-06,815228\r\n2008-05,812851\r\n2008-04,813740\r\n2008-03,815798\r\n2008-02,814042\r\n2008-01,815800\r\n2007-12,813804\r\n2007-11,816418\r\n2007-10,813486\r\n2007-09,809486\r\n2007-08,807981\r\n2007-07,811791\r\n2007-06,802393\r\n2007-05,798542\r\n2007-04,794852\r\n2007-03,801304\r\n2007-02,799085\r\n2007-01,796217\r\n2006-12,800937\r\n2006-11,794962\r\n2006-10,794828\r\n2006-09,789295\r\n2006-08,791888\r\n2006-07,790903\r\n2006-06,781206\r\n2006-05,779508\r\n2006-04,779114\r\n2006-03,778626\r\n2006-02,776868\r\n2006-01,774786\r\n2005-12,779716\r\n2005-11,776374\r\n2005-10,779591\r\n2005-09,773796\r\n2005-08,779082\r\n2005-07,776852\r\n2005-06,770125\r\n2005-05,766676\r\n2005-04,762834\r\n2005-03,766178\r\n2005-02,768010\r\n2005-01,767874\r\n2004-12,773879\r\n2004-11,772734\r\n2004-10,773872\r\n2004-09,767675\r\n2004-08,771006\r\n2004-07,770527\r\n2004-06,768089\r\n2004-05,763321\r\n2004-04,761518\r\n2004-03,766589\r\n2004-02,768595\r\n2004-01,765428\r\n2003-12,772848\r\n2003-11,769794\r\n2003-10,770416\r\n2003-09,765645\r\n2003-08,768549\r\n2003-07,771325\r\n2003-06,769755\r\n2003-05,772175\r\n2003-04,775867\r\n2003-03,777139\r\n2003-02,781000\r\n2003-01,781417\r\n2002-12,788764\r\n2002-11,789503\r\n2002-10,800498\r\n2002-09,800137\r\n2002-08,808217\r\n2002-07,813110\r\n2002-06,810705\r\n2002-05,815773\r\n2002-04,819983\r\n2002-03,831569\r\n2002-02,835417\r\n2002-01,830423\r\n2001-12,848901\r\n2001-11,848569\r\n2001-10,859551\r\n2001-09,864922\r\n2001-08,876692\r\n2001-07,890867\r\n2001-06,893950\r\n2001-05,900613\r\n2001-04,906597\r\n2001-03,924079\r\n2001-02,928096\r\n2001-01,927759\r\n2000-12,936893\r\n2000-11,927993\r\n2000-10,928175\r\n2000-09,917645\r\n2000-08,923100\r\n2000-07,922352\r\n2000-06,907517\r\n2000-05,897822\r\n2000-04,896001\r\n2000-03,899362\r\n2000-02,893928\r\n2000-01,887195\r\n1999-12,945409\r\n1999-11,938767\r\n1999-10,936720\r\n1999-09,926451\r\n1999-08,935094\r\n1999-07,933702\r\n1999-06,923028\r\n1999-05,922763\r\n1999-04,921476\r\n1999-03,927947\r\n1999-02,928212\r\n1999-01,926279\r\n1998-12,924720\r\n1998-11,919096\r\n1998-10,919585\r\n1998-09,913471\r\n1998-08,924067\r\n1998-07,929195\r\n1998-06,922592\r\n1998-05,924004\r\n1998-04,922559\r\n1998-03,927050\r\n1998-02,927138\r\n1998-01,921484\r\n1997-12,927328\r\n1997-11,923692\r\n1997-10,919154\r\n1997-09,903891\r\n1997-08,913451\r\n1997-07,913364\r\n1997-06,899243\r\n1997-05,889110\r\n1997-04,885968\r\n1997-03,888693\r\n1997-02,880543\r\n1997-01,873642\r\n1996-12,880052\r\n1996-11,873131\r\n1996-10,874979\r\n1996-09,859172\r\n1996-08,868492\r\n1996-07,869294\r\n1996-06,854194\r\n1996-05,846466\r\n1996-04,840735\r\n1996-03,842519\r\n1996-02,836914\r\n1996-01,826427\r\n1995-12,829607\r\n1995-11,828879\r\n1995-10,828324\r\n1995-09,818021\r\n1995-08,831610\r\n1995-07,829150\r\n1995-06,817604\r\n1995-05,812758\r\n1995-04,812324\r\n1995-03,811249\r\n1995-02,805510\r\n1995-01,800033\r\n1994-12,801821\r\n1994-11,799825\r\n1994-10,801324\r\n1994-09,793300\r\n1994-08,805362\r\n1994-07,802672\r\n1994-06,796757\r\n1994-05,795534\r\n1994-04,790839\r\n1994-03,793500\r\n1994-02,796718\r\n1994-01,794565\r\n1993-12,793392\r\n1993-11,791497\r\n1993-10,790687\r\n1993-09,781847\r\n1993-08,796601\r\n1993-07,794196\r\n1993-06,786344\r\n1993-05,782374\r\n1993-04,778541\r\n1993-03,786370\r\n1993-02,786744\r\n1993-01,787200\r\n1992-12,794382\r\n1992-11,789354\r\n1992-10,790537\r\n1992-09,785282\r\n1992-08,801052\r\n1992-07,798199\r\n1992-06,788592\r\n1992-05,782362\r\n1992-04,781121\r\n1992-03,783517\r\n1992-02,780377\r\n1992-01,782484\r\n1991-12,788824\r\n1991-11,788635\r\n1991-10,791060\r\n1991-09,786036\r\n1991-08,800421\r\n1991-07,799599\r\n1991-06,793058\r\n1991-05,792855\r\n1991-04,795545\r\n1991-03,798340\r\n1991-02,801701\r\n1991-01,802707\r\n1990-12,803782\r\n1990-11,807187\r\n1990-10,815031\r\n1990-09,807209\r\n1990-08,830498\r\n1990-07,828807\r\n1990-06,820864\r\n1990-05,820138\r\n1990-04,819162\r\n1990-03,825992\r\n1990-02,825629\r\n1990-01,817313",
      "legend": [
        "Population With Current Employment"
      ],
      "places": [
        "geoId/06085"
      ],
      "srcs": [
        {
          "name": "bls.gov",
          "url": "https://www.bls.gov/lau/"
        }
      ],
      "title": "Population With Current Employment in Santa Clara County",
      "type": "LINE",
      "unit": "",
      "vars": [
        "Count_Person_Employed"
      ],
      "highlight": {
        "date": "2024-03",
        "value": 995405
      },
      "chartUrl": "",
      "dcUrl": "https://datacommons.org/explore#q=top%20jobs%20in%20santa%20clara%20county"
    },
    {
      "data_csv": "rank,place,Population With Current Employment\r\n1,San Jose,523885\r\n2,Sunnyvale,84065\r\n3,Santa Clara,69942\r\n4,Mountain View,49113\r\n5,Milpitas,39030\r\n6,Palo Alto,34757\r\n7,Cupertino,27870\r\n8,Gilroy,27195\r\n9,Campbell,25751\r\n10,Morgan Hill,23538",
      "placeType": "City",
      "places": [
        "geoId/06085"
      ],
      "srcs": [
        {
          "name": "bls.gov",
          "url": "https://www.bls.gov/lau/"
        }
      ],
      "title": "Population With Current Employment in Cities of Santa Clara County (Mar, 2024)",
      "type": "TABLE",
      "unit": "",
      "vars": [
        "Count_Person_Employed"
      ],
      "dcUrl": "https://datacommons.org/explore#q=top%20jobs%20in%20santa%20clara%20county",
      "chartUrl": ""
    }
  ]
}