dcid,sentence
SV_1,SV1 more text
SV_2,SV2 more text
SV_2,even more text for SV2
SV_3,random string for SV3
SV_1,some text for SV1
SV_2,some text for SV2
SV_3,some text for SV3
