{
  "charts": [
    {
      "dataCsv": "label,Santa Clara County\r\nHealth Care and Social Assistance Industry Workers,164195\r\n\"Professional, Scientific, and Technical Services Workers\",161462\r\nManufacturing Workers,122912\r\nInformation Industry Workers,92743\r\nEducational Services Industry Workers,85685\r\nAccommodation/Food Industry Workers,81548\r\nRetail Trade Workers,70145\r\nPopulation Working in the Management of Companies and Enterprises Industry,61130\r\nAdmin / Waste Management Service Industry Workers,57588\r\nPopulation Working in the Construction Industry,51647\r\nPublic Administration Workers,28471\r\nWholesale Trade Workers,27691\r\nOther Services (except Public Admin) Workers,25719\r\nFinance and Insurance Industry Workers,20644\r\n\"Arts, Entertainment, Recreation Industry Workers\",20376\r\nTransportation And Warehousing Workers,19322\r\nReal Estate and Rental and Leasing Workers,15389\r\nUtilities Workers,3582\r\n\"Agriculture, Forestry, Fishing, Hunting Workers\",2998\r\nUnclassified Workers,225\r\n\"Mining, Quarrying, Oil and Gas Extraction Industry Workers\",149",
      "placeType": "City",
      "places": [
        "geoId/06085"
      ],
      "srcs": [
        {
          "name": "bls.gov",
          "url": "https://www.bls.gov/qcew/"
        }
      ],
      "legend": [
        "Health Care and Social Assistance Industry Workers",
        "Professional, Scientific, and Technical Services Workers",
        "Manufacturing Workers",
        "Information Industry Workers",
        "Educational Services Industry Workers",
        "Accommodation/Food Industry Workers",
        "Retail Trade Workers",
        "Population Working in the Management of Companies and Enterprises Industry",
        "Admin / Waste Management Service Industry Workers",
        "Population Working in the Construction Industry",
        "Public Administration Workers",
        "Wholesale Trade Workers",
        "Other Services (except Public Admin) Workers",
        "Finance and Insurance Industry Workers",
        "Arts, Entertainment, Recreation Industry Workers",
        "Transportation And Warehousing Workers",
        "Real Estate and Rental and Leasing Workers",
        "Utilities Workers",
        "Agriculture, Forestry, Fishing, Hunting Workers",
        "Unclassified Workers",
        "Mining, Quarrying, Oil and Gas Extraction Industry Workers"
      ],
      "title": "Categories of Jobs in Santa Clara County (Jan, 2024 to Mar, 2024)",
      "type": "BAR",
      "unit": "",
      "vars": [
        "Count_Worker_NAICSAccommodationFoodServices",
        "Count_Worker_NAICSAdministrativeSupportWasteManagementRemediationServices",
        "Count_Worker_NAICSAgricultureForestryFishingHunting",
        "Count_Worker_NAICSConstruction",
        "Count_Worker_NAICSEducationalServices",
        "Count_Worker_NAICSHealthCareSocialAssistance",
        "dc/ndg1xk1e9frc2",
        "Count_Worker_NAICSFinanceInsurance",
        "Count_Worker_NAICSInformation",
        "Count_Worker_NAICSArtsEntertainmentRecreation",
        "Count_Worker_NAICSMiningQuarryingOilGasExtraction",
        "Count_Worker_NAICSOtherServices",
        "dc/8p97n7l96lgg8",
        "Count_Worker_NAICSUtilities",
        "dc/p69tpsldf99h7",
        "Count_Worker_NAICSRealEstateRentalLeasing",
        "Count_Worker_NAICSPublicAdministration",
        "Count_Worker_NAICSWholesaleTrade",
        "Count_Worker_NAICSProfessionalScientificTechnicalServices",
        "Count_Worker_NAICSManagementOfCompaniesEnterprises",
        "Count_Worker_NAICSNonclassifiable"
      ],
      "chartUrl": "",
      "dcUrl": "https://datacommons.org/explore#q=top%20jobs%20in%20santa%20clara%20county"
    },
    {
      "dataCsv": "label,Population With Current Employment\r\n2025-01,983106\r\n2024-12,1006376\r\n2024-11,1005467\r\n2024-10,1008616\r\n2024-09,1007857\r\n2024-08,1004261\r\n2024-07,1008847\r\n2024-06,1000196\r\n2024-05,1002785\r\n2024-04,1003637\r\n2024-03,1008626\r\n2024-02,1002522\r\n2024-01,999536\r\n2023-12,1004586\r\n2023-11,1011607\r\n2023-10,1010308\r\n2023-09,1013380\r\n2023-08,1011508\r\n2023-07,1014691\r\n2023-06,1004028\r\n2023-05,1009790\r\n2023-04,1012003\r\n2023-03,1021525\r\n2023-02,1018262\r\n2023-01,1012078\r\n2022-12,1016728\r\n2022-11,1015379\r\n2022-10,1016919\r\n2022-09,1015230\r\n2022-08,1011857\r\n2022-07,1011720\r\n2022-06,1003142\r\n2022-05,1005528\r\n2022-04,997035\r\n2022-03,1002807\r\n2022-02,994966\r\n2022-01,986564\r\n2021-12,989740\r\n2021-11,984757\r\n2021-10,976417\r\n2021-09,975983\r\n2021-08,967104\r\n2021-07,965743\r\n2021-06,951934\r\n2021-05,951573\r\n2021-04,943946\r\n2021-03,949799\r\n2021-02,946450\r\n2021-01,938891\r\n2020-12,943594\r\n2020-11,942370\r\n2020-10,944367\r\n2020-09,941051\r\n2020-08,941916\r\n2020-07,931629\r\n2020-06,922043\r\n2020-05,886779\r\n2020-04,889886\r\n2020-03,1005779\r\n2020-02,1036345\r\n2020-01,1025830\r\n2019-12,1033750\r\n2019-11,1030693\r\n2019-10,1030902\r\n2019-09,1027524\r\n2019-08,1024655\r\n2019-07,1028315\r\n2019-06,1015354\r\n2019-05,1016234\r\n2019-04,1012904\r\n2019-03,1024190\r\n2019-02,1025091\r\n2019-01,1014282\r\n2018-12,1021442\r\n2018-11,1023195\r\n2018-10,1021138\r\n2018-09,1018636\r\n2018-08,1015767\r\n2018-07,1026196\r\n2018-06,1015924\r\n2018-05,1015112\r\n2018-04,1007688\r\n2018-03,1012577\r\n2018-02,1010784\r\n2018-01,999156\r\n2017-12,1007904\r\n2017-11,1009071\r\n2017-10,1007727\r\n2017-09,1011893\r\n2017-08,1007976\r\n2017-07,1014956\r\n2017-06,1003169\r\n2017-05,1001913\r\n2017-04,998912\r\n2017-03,1004463\r\n2017-02,1000896\r\n2017-01,994065\r\n2016-12,993185\r\n2016-11,994312\r\n2016-10,992169\r\n2016-09,992906\r\n2016-08,992111\r\n2016-07,994871\r\n2016-06,990077\r\n2016-05,989321\r\n2016-04,982111\r\n2016-03,988007\r\n2016-02,986494\r\n2016-01,979683\r\n2015-12,980508\r\n2015-11,978601\r\n2015-10,979637\r\n2015-09,975293\r\n2015-08,974238\r\n2015-07,974375\r\n2015-06,971280\r\n2015-05,970168\r\n2015-04,963298\r\n2015-03,962414\r\n2015-02,961754\r\n2015-01,954523\r\n2014-12,953716\r\n2014-11,952504\r\n2014-10,953137\r\n2014-09,946272\r\n2014-08,939591\r\n2014-07,937752\r\n2014-06,933678\r\n2014-05,931746\r\n2014-04,925610\r\n2014-03,928368\r\n2014-02,924754\r\n2014-01,917445\r\n2013-12,919619\r\n2013-11,916750\r\n2013-10,909334\r\n2013-09,914902\r\n2013-08,907498\r\n2013-07,905980\r\n2013-06,902907\r\n2013-05,903105\r\n2013-04,899339\r\n2013-03,899666\r\n2013-02,898442\r\n2013-01,891507\r\n2012-12,897862\r\n2012-11,894523\r\n2012-10,895759\r\n2012-09,890602\r\n2012-08,880018\r\n2012-07,878200\r\n2012-06,874794\r\n2012-05,873278\r\n2012-04,872304\r\n2012-03,873492\r\n2012-02,869344\r\n2012-01,861376\r\n2011-12,868446\r\n2011-11,864033\r\n2011-10,862753\r\n2011-09,857416\r\n2011-08,850003\r\n2011-07,846183\r\n2011-06,843042\r\n2011-05,842780\r\n2011-04,839853\r\n2011-03,842866\r\n2011-02,838507\r\n2011-01,832419\r\n2010-12,838642\r\n2010-11,836546\r\n2010-10,836077\r\n2010-09,833994\r\n2010-08,831122\r\n2010-07,830264\r\n2010-06,824395\r\n2010-05,827446\r\n2010-04,827436\r\n2010-03,827108\r\n2010-02,824922\r\n2010-01,821614\r\n2009-12,781725\r\n2009-11,784926\r\n2009-10,783680\r\n2009-09,783917\r\n2009-08,784529\r\n2009-07,783706\r\n2009-06,784229\r\n2009-05,785656\r\n2009-04,790921\r\n2009-03,795402\r\n2009-02,801416\r\n2009-01,804854\r\n2008-12,819826\r\n2008-11,824900\r\n2008-10,829456\r\n2008-09,830173\r\n2008-08,831658\r\n2008-07,830119\r\n2008-06,822792\r\n2008-05,820638\r\n2008-04,821431\r\n2008-03,824421\r\n2008-02,822363\r\n2008-01,823384\r\n2007-12,821734\r\n2007-11,824115\r\n2007-10,820920\r\n2007-09,816562\r\n2007-08,815023\r\n2007-07,818866\r\n2007-06,808815\r\n2007-05,804984\r\n2007-04,800840\r\n2007-03,807783\r\n2007-02,805212\r\n2007-01,801386\r\n2006-12,806583\r\n2006-11,800339\r\n2006-10,800044\r\n2006-09,794232\r\n2006-08,796784\r\n2006-07,795716\r\n2006-06,785898\r\n2006-05,784492\r\n2006-04,784129\r\n2006-03,784028\r\n2006-02,782161\r\n2006-01,779459\r\n2005-12,784885\r\n2005-11,781397\r\n2005-10,784444\r\n2005-09,778350\r\n2005-08,783714\r\n2005-07,781576\r\n2005-06,774329\r\n2005-05,771204\r\n2005-04,767162\r\n2005-03,770872\r\n2005-02,772283\r\n2005-01,771560\r\n2004-12,777917\r\n2004-11,776633\r\n2004-10,777611\r\n2004-09,770890\r\n2004-08,774180\r\n2004-07,773705\r\n2004-06,770851\r\n2004-05,766223\r\n2004-04,764326\r\n2004-03,769806\r\n2004-02,771502\r\n2004-01,767732\r\n2003-12,775679\r\n2003-11,772490\r\n2003-10,773079\r\n2003-09,768242\r\n2003-08,771092\r\n2003-07,773865\r\n2003-06,771787\r\n2003-05,774491\r\n2003-04,778127\r\n2003-03,779976\r\n2003-02,784051\r\n2003-01,784032\r\n2002-12,791554\r\n2002-11,792239\r\n2002-10,803084\r\n2002-09,802495\r\n2002-08,810497\r\n2002-07,815107\r\n2002-06,812237\r\n2002-05,817204\r\n2002-04,821443\r\n2002-03,833638\r\n2002-02,837582\r\n2002-01,832331\r\n2001-12,851260\r\n2001-11,850920\r\n2001-10,862031\r\n2001-09,867572\r\n2001-08,879252\r\n2001-07,893401\r\n2001-06,896157\r\n2001-05,903140\r\n2001-04,909255\r\n2001-03,927513\r\n2001-02,931396\r\n2001-01,930489\r\n2000-12,939999\r\n2000-11,930955\r\n2000-10,930801\r\n2000-09,919795\r\n2000-08,924804\r\n2000-07,923831\r\n2000-06,908242\r\n2000-05,898531\r\n2000-04,896225\r\n2000-03,899312\r\n2000-02,893426\r\n2000-01,886289\r\n1999-12,944864\r\n1999-11,938033\r\n1999-10,935848\r\n1999-09,925379\r\n1999-08,933874\r\n1999-07,932182\r\n1999-06,920614\r\n1999-05,920138\r\n1999-04,919030\r\n1999-03,925804\r\n1999-02,926198\r\n1999-01,923927\r\n1998-12,923190\r\n1998-11,917654\r\n1998-10,918543\r\n1998-09,912436\r\n1998-08,923147\r\n1998-07,927692\r\n1998-06,921101\r\n1998-05,922703\r\n1998-04,921583\r\n1998-03,926615\r\n1998-02,926914\r\n1998-01,920918\r\n1997-12,927073\r\n1997-11,923577\r\n1997-10,918954\r\n1997-09,903820\r\n1997-08,913498\r\n1997-07,913440\r\n1997-06,898749\r\n1997-05,888690\r\n1997-04,885420\r\n1997-03,888504\r\n1997-02,880242\r\n1997-01,873089\r\n1996-12,880148\r\n1996-11,873500\r\n1996-10,875617\r\n1996-09,859810\r\n1996-08,869438\r\n1996-07,870180\r\n1996-06,854758\r\n1996-05,847787\r\n1996-04,842918\r\n1996-03,845917\r\n1996-02,841374\r\n1996-01,831669\r\n1995-12,836304\r\n1995-11,832080\r\n1995-10,831086\r\n1995-09,819016\r\n1995-08,830949\r\n1995-07,826802\r\n1995-06,813565\r\n1995-05,807240\r\n1995-04,805061\r\n1995-03,805662\r\n1995-02,800773\r\n1995-01,796034\r\n1994-12,799268\r\n1994-11,798088\r\n1994-10,800005\r\n1994-09,792232\r\n1994-08,804516\r\n1994-07,801711\r\n1994-06,795795\r\n1994-05,794759\r\n1994-04,790157\r\n1994-03,792988\r\n1994-02,796381\r\n1994-01,793740\r\n1993-12,793077\r\n1993-11,791026\r\n1993-10,790365\r\n1993-09,781230\r\n1993-08,796402\r\n1993-07,794014\r\n1993-06,786282\r\n1993-05,782338\r\n1993-04,778562\r\n1993-03,786427\r\n1993-02,786472\r\n1993-01,786376\r\n1992-12,794464\r\n1992-11,789419\r\n1992-10,790932\r\n1992-09,785560\r\n1992-08,801471\r\n1992-07,798630\r\n1992-06,788705\r\n1992-05,782501\r\n1992-04,781212\r\n1992-03,783762\r\n1992-02,780409\r\n1992-01,782105\r\n1991-12,789010\r\n1991-11,788707\r\n1991-10,791082\r\n1991-09,785828\r\n1991-08,800223\r\n1991-07,799007\r\n1991-06,791778\r\n1991-05,791276\r\n1991-04,794001\r\n1991-03,796873\r\n1991-02,800096\r\n1991-01,800623\r\n1990-12,802437\r\n1990-11,805741\r\n1990-10,813947\r\n1990-09,806531\r\n1990-08,830491\r\n1990-07,829363\r\n1990-06,821431\r\n1990-05,820634\r\n1990-04,819857\r\n1990-03,827350\r\n1990-02,828929\r\n1990-01,825919",
      "legend": [
        "Population With Current Employment"
      ],
      "places": [
        "geoId/06085"
      ],
      "srcs": [
        {
          "name": "bls.gov",
          "url": "https://www.bls.gov/lau/"
        }
      ],
      "title": "Population With Current Employment in Santa Clara County",
      "type": "LINE",
      "unit": "",
      "vars": [
        "Count_Person_Employed"
      ],
      "highlight": {
        "date": "2025-01",
        "value": 983106
      },
      "chartUrl": "",
      "dcUrl": "https://datacommons.org/explore#q=top%20jobs%20in%20santa%20clara%20county"
    },
    {
      "dataCsv": "rank,place,Population With Current Employment\r\n1,San Jose,510026\r\n2,Sunnyvale,85825\r\n3,Santa Clara,75155\r\n4,Mountain View,47232\r\n5,Milpitas,41401\r\n6,Palo Alto,32118\r\n7,Cupertino,27598\r\n8,Gilroy,27551\r\n9,Campbell,22038\r\n10,Morgan Hill,21710",
      "placeType": "City",
      "places": [
        "geoId/06085"
      ],
      "srcs": [
        {
          "name": "bls.gov",
          "url": "https://www.bls.gov/lau/"
        }
      ],
      "title": "Population With Current Employment in Cities of Santa Clara County (Jan, 2025)",
      "type": "TABLE",
      "unit": "",
      "vars": [
        "Count_Person_Employed"
      ],
      "dcUrl": "https://datacommons.org/explore#q=top%20jobs%20in%20santa%20clara%20county",
      "chartUrl": ""
    }
  ]
}