{
  "charts": [
    {
      "dataCsv": "placeName,placeDcid,xDate,xValue-Count_Person_BelowPovertyLevelInThePast12Months,yDate,yValue-Percent_Person_Obesity\r\n\"Alameda County, CA\",geoId/06001,2023,149752,2022,19.4\r\n\"Alpine County, CA\",geoId/06003,2023,209,2022,29.9\r\n\"Amador County, CA\",geoId/06005,2023,2931,2022,27.3\r\n\"Butte County, CA\",geoId/06007,2023,37531,2022,31.5\r\n\"Calaveras County, CA\",geoId/06009,2023,6083,2022,29.4\r\n\"Colusa County, CA\",geoId/06011,2023,2332,2022,32.2\r\n\"Contra Costa County, CA\",geoId/06013,2023,95048,2022,28.4\r\n\"Del Norte County, CA\",geoId/06015,2023,2900,2022,33.8\r\n\"El Dorado County, CA\",geoId/06017,2023,15754,2022,24.8\r\n\"Fresno County, CA\",geoId/06019,2023,185717,2022,39\r\n\"Glenn County, CA\",geoId/06021,2023,3511,2022,34.1\r\n\"Humboldt County, CA\",geoId/06023,2023,25064,2022,33.1\r\n\"Imperial County, CA\",geoId/06025,2023,33705,2022,38.5\r\n\"Inyo County, CA\",geoId/06027,2023,1928,2022,29.9\r\n\"Kern County, CA\",geoId/06029,2023,168825,2022,35.9\r\n\"Kings County, CA\",geoId/06031,2023,23427,2022,31.9\r\n\"Lake County, CA\",geoId/06033,2023,11156,2022,30.7\r\n\"Lassen County, CA\",geoId/06035,2023,3279,2022,32.8\r\n\"Los Angeles County, CA\",geoId/06037,2023,1322476,2022,26.2\r\n\"Madera County, CA\",geoId/06039,2023,30187,2022,35.2\r\n\"Marin County, CA\",geoId/06041,2023,19907,2022,23.5\r\n\"Mariposa County, CA\",geoId/06043,2023,2347,2022,32.3\r\n\"Mendocino County, CA\",geoId/06045,2023,13524,2022,29.4\r\n\"Merced County, CA\",geoId/06047,2023,51655,2022,34.5\r\n\"Modoc County, CA\",geoId/06049,2023,1717,2022,30\r\n\"Mono County, CA\",geoId/06051,2023,1441,2022,29.1\r\n\"Monterey County, CA\",geoId/06053,2023,52732,2022,32.8\r\n\"Napa County, CA\",geoId/06055,2023,11238,2022,28.7\r\n\"Nevada County, CA\",geoId/06057,2023,10745,2022,29.9\r\n\"Orange County, CA\",geoId/06059,2023,296493,2022,25.7\r\n\"Placer County, CA\",geoId/06061,2023,27419,2022,25.8\r\n\"Plumas County, CA\",geoId/06063,2023,2075,2022,29.1\r\n\"Riverside County, CA\",geoId/06065,2023,266955,2022,34\r\n\"Sacramento County, CA\",geoId/06067,2023,197472,2022,33.9\r\n\"San Benito County, CA\",geoId/06069,2023,5118,2022,29.1\r\n\"San Bernardino County, CA\",geoId/06071,2023,291226,2022,35.1\r\n\"San Diego County, CA\",geoId/06073,2023,330602,2022,25.4\r\n\"San Francisco County, CA\",geoId/06075,2023,87135,2022,17.7\r\n\"San Joaquin County, CA\",geoId/06077,2023,97063,2022,33.8\r\n\"San Luis Obispo County, CA\",geoId/06079,2023,34424,2022,28.2\r\n\"San Mateo County, CA\",geoId/06081,2023,47945,2022,21.4\r\n\"Santa Barbara County, CA\",geoId/06083,2023,58387,2022,31.6\r\n\"Santa Clara County, CA\",geoId/06085,2023,128470,2022,22\r\n\"Santa Cruz County, CA\",geoId/06087,2023,28613,2022,29.4\r\n\"Shasta County, CA\",geoId/06089,2023,23179,2022,28.7\r\n\"Sierra County, CA\",geoId/06091,2023,325,2022,31.3\r\n\"Siskiyou County, CA\",geoId/06093,2023,7196,2022,32.9\r\n\"Solano County, CA\",geoId/06095,2023,42767,2022,32.8\r\n\"Sonoma County, CA\",geoId/06097,2023,41044,2022,28.3\r\n\"Stanislaus County, CA\",geoId/06099,2023,71943,2022,34.7\r\n\"Sutter County, CA\",geoId/06101,2023,14494,2022,32\r\n\"Tehama County, CA\",geoId/06103,2023,9988,2022,32.5\r\n\"Trinity County, CA\",geoId/06105,2023,2830,2022,32.4\r\n\"Tulare County, CA\",geoId/06107,2023,83473,2022,38\r\n\"Tuolumne County, CA\",geoId/06109,2023,5547,2022,31\r\n\"Ventura County, CA\",geoId/06111,2023,74630,2022,28.9\r\n\"Yolo County, CA\",geoId/06113,2023,34165,2022,28.5\r\n\"Yuba County, CA\",geoId/06115,2023,12501,2022,32.6",
      "placeType": "County",
      "places": [
        "geoId/06"
      ],
      "srcs": [
        {
          "name": "census.gov",
          "url": "https://www.census.gov/programs-surveys/acs/data/data-via-ftp.html"
        },
        {
          "name": "cdc.gov",
          "url": "https://www.cdc.gov/places/index.html"
        }
      ],
      "title": "Prevalence of Obesity (2022) Vs. Population Below Poverty Line (2023) in Counties of California",
      "type": "SCATTER",
      "vars": [
        "Percent_Person_Obesity",
        "Count_Person_BelowPovertyLevelInThePast12Months"
      ],
      "chartUrl": "",
      "dcUrl": "https://datacommons.org/explore#q=obesity%20vs.%20poverty%20in%20counties%20of%20california"
    },
    {
      "dataCsv": "rank,place,Prevalence of Obesity\r\n1,Fresno County,39\r\n2,Imperial County,38.5\r\n3,Tulare County,38\r\n4,Kern County,35.9\r\n5,Madera County,35.2\r\n54,Marin County,23.5\r\n55,Santa Clara County,22\r\n56,San Mateo County,21.4\r\n57,Alameda County,19.4\r\n58,San Francisco County,17.7",
      "placeType": "County",
      "places": [
        "geoId/06"
      ],
      "srcs": [
        {
          "name": "cdc.gov",
          "url": "https://www.cdc.gov/places/index.html"
        }
      ],
      "title": "Prevalence of Obesity in Counties of California (2022)",
      "type": "TABLE",
      "unit": "%",
      "vars": [
        "Percent_Person_Obesity"
      ],
      "dcUrl": "https://datacommons.org/explore#q=obesity%20vs.%20poverty%20in%20counties%20of%20california",
      "chartUrl": ""
    },
    {
      "dataCsv": "rank,place,Population Below poverty line\r\n1,Los Angeles County,1322476\r\n2,San Diego County,330602\r\n3,Orange County,296493\r\n4,San Bernardino County,291226\r\n5,Riverside County,266955\r\n54,Inyo County,1928\r\n55,Modoc County,1717\r\n56,Mono County,1441\r\n57,Sierra County,325\r\n58,Alpine County,209",
      "placeType": "County",
      "places": [
        "geoId/06"
      ],
      "srcs": [
        {
          "name": "census.gov",
          "url": "https://www.census.gov/programs-surveys/acs/data/data-via-ftp.html"
        }
      ],
      "title": "Population Below Poverty Line in Counties of California (2023)",
      "type": "TABLE",
      "unit": "",
      "vars": [
        "Count_Person_BelowPovertyLevelInThePast12Months"
      ],
      "dcUrl": "https://datacommons.org/explore#q=obesity%20vs.%20poverty%20in%20counties%20of%20california",
      "chartUrl": ""
    }
  ]
}