{
  "charts": [
    {
      "dataCsv": "label,Average Income for Family Households\r\n2023,127444\r\n2022,122601\r\n2021,111910\r\n2020,106573\r\n2019,105819\r\n2018,103731\r\n2017,99878\r\n2016,96309\r\n2015,93044\r\n2014,90140\r\n2013,86449\r\n2012,83141\r\n2011,79594\r\n2010,75645",
      "legend": [
        "Average Income for Family Households"
      ],
      "places": [
        "geoId/38"
      ],
      "srcs": [
        {
          "name": "data.census.gov",
          "url": "https://data.census.gov/cedsci/table?q=S1901&tid=ACSST5Y2019.S1901"
        }
      ],
      "title": "Average Income for Family Households in North Dakota",
      "type": "LINE",
      "unit": "Infl. adj. USD (CY)",
      "vars": [
        "Mean_Income_Household_FamilyHousehold"
      ],
      "highlight": {
        "date": "2023",
        "value": 127444
      },
      "chartUrl": "",
      "dcUrl": "https://datacommons.org/explore#q=family%20earnings%20in%20north%20dakota"
    },
    {
      "dataCsv": "rank,place,Average Income for Family Households\r\n1,Dunn County,165537\r\n2,McKenzie County,157621\r\n3,Burke County,154110\r\n4,Griggs County,141696\r\n5,Williams County,141246\r\n49,Benson County,92950\r\n50,McIntosh County,90956\r\n51,Logan County,88683\r\n52,Rolette County,81160\r\n53,Sioux County,65710",
      "placeType": "County",
      "places": [
        "geoId/38"
      ],
      "srcs": [
        {
          "name": "data.census.gov",
          "url": "https://data.census.gov/cedsci/table?q=S1901&tid=ACSST5Y2019.S1901"
        }
      ],
      "title": "Average Income for Family Households in Counties of North Dakota (2023)",
      "type": "TABLE",
      "unit": "Infl. adj. USD (CY)",
      "vars": [
        "Mean_Income_Household_FamilyHousehold"
      ],
      "dcUrl": "https://datacommons.org/explore#q=family%20earnings%20in%20north%20dakota",
      "chartUrl": ""
    },
    {
      "dataCsv": "label,Median Family Household Income\r\n2023,103383\r\n2022,100188\r\n2021,92066\r\n2020,86798\r\n2019,86249\r\n2018,83272\r\n2017,80091\r\n2016,77277\r\n2015,74708\r\n2014,72770\r\n2013,70767\r\n2012,68293\r\n2011,65871\r\n2010,62920",
      "legend": [
        "Median Family Household Income"
      ],
      "places": [
        "geoId/38"
      ],
      "srcs": [
        {
          "name": "data.census.gov",
          "url": "https://data.census.gov/cedsci/table?q=S1901&tid=ACSST5Y2019.S1901"
        }
      ],
      "title": "Median Family Household Income in North Dakota",
      "type": "LINE",
      "unit": "Infl. adj. USD (CY)",
      "vars": [
        "Median_Income_Household_FamilyHousehold"
      ],
      "highlight": {
        "date": "2023",
        "value": 103383
      },
      "chartUrl": "",
      "dcUrl": "https://datacommons.org/explore#q=family%20earnings%20in%20north%20dakota"
    }
  ]
}