// Jest Snapshot v1, https://goo.gl/fbAQLP

exports[`filtering the menu 1`] = `
"<div id=\\"drill\\">
  <div class=\\"noedge\\">
    <ul class=\\"noborder\\">
      <li class=\\"value\\" id=\\"Demographics\\"><span><a class=\\"value-link\\">Demographics  <sup>(1968)</sup><img class=\\"right-caret transform-up\\" src=\\"/images/right-caret-light.png\\"></a></span>
        <ul class=\\"noborder\\">
          <li class=\\"value\\" id=\\"Population\\"><span><a class=\\"value-link\\">Population  <sup>(1)</sup></a><button class=\\"checkbox checked\\"></button></span></li>
        </ul>
      </li>
    </ul>
  </div>
</div>"
`;

exports[`filtering the menu 2`] = `
"<div id=\\"drill\\">
  <div class=\\"noedge\\"></div>
</div>"
`;

exports[`filtering the menu 3`] = `
"<div id=\\"drill\\">
  <div class=\\"noedge\\">
    <ul class=\\"noborder\\">
      <li class=\\"value\\" id=\\"Demographics\\"><span><a class=\\"value-link\\">Demographics  <sup>(1968)</sup><img class=\\"right-caret transform-up\\" src=\\"/images/right-caret-light.png\\"></a></span>
        <ul class=\\"noborder\\">
          <li class=\\"value\\" id=\\"Median age\\"><span><a class=\\"value-link\\">Median age  <sup>(1)</sup></a><button class=\\"checkbox\\"></button></span></li>
        </ul>
      </li>
    </ul>
  </div>
</div>"
`;

exports[`mount with one statsVar 1`] = `"<div class=\\"noedge\\"><ul class=\\"noborder\\"><li class=\\"value\\" id=\\"Demographics\\"><span><a class=\\"value-link\\">Demographics  <sup>(1968)</sup><img class=\\"right-caret transform-up\\" src=\\"/images/right-caret-light.png\\"></a></span><ul class=\\"noborder\\"><li class=\\"value\\" id=\\"Population\\"><span><a class=\\"value-link\\">Population  <sup>(1)</sup></a><button class=\\"checkbox checked\\"></button></span></li></ul><ul class=\\"noborder\\"><li class=\\"value\\" id=\\"Median age\\"><span><a class=\\"value-link\\">Median age  <sup>(1)</sup></a><button class=\\"checkbox checked\\"></button></span></li></ul></li></ul></div>"`;

exports[`mount with one statsVar 2`] = `"<div class=\\"noedge\\"><ul class=\\"noborder\\"><li class=\\"value\\" id=\\"Demographics\\"><span><a class=\\"value-link\\">Demographics  <sup>(1968)</sup><img class=\\"right-caret transform-up\\" src=\\"/images/right-caret-light.png\\"></a></span><ul class=\\"noborder\\"><li class=\\"value\\" id=\\"Population\\"><span><a class=\\"value-link\\">Population  <sup>(1)</sup></a><button class=\\"checkbox checked\\"></button></span></li></ul><ul class=\\"noborder\\"><li class=\\"value\\" id=\\"Median age\\"><span><a class=\\"value-link\\">Median age  <sup>(1)</sup></a><button class=\\"checkbox\\"></button></span></li></ul></li></ul></div>"`;
